../Core/Inc/rf24_lib.c:14:20:csn_low	16	static
../Core/Inc/rf24_lib.c:17:20:csn_high	16	static
../Core/Inc/rf24_lib.c:22:20:ce_high	16	static
../Core/Inc/rf24_lib.c:26:20:ce_low	16	static
../Core/Inc/rf24_lib.c:32:20:rf24_command	32	static
../Core/Inc/rf24_lib.c:41:13:rf24_set_rx_addr	24	static
../Core/Inc/rf24_lib.c:69:20:rf24_set_tx_addr	16	static
../Core/Inc/rf24_lib.c:77:6:rf24_write_config	32	static
../Core/Inc/rf24_lib.c:91:6:rf24_write_multi_config	40	static
../Core/Inc/rf24_lib.c:114:6:rf24_write_data	48	static
../Core/Inc/rf24_lib.c:163:9:rf24_read_config	32	static
../Core/Inc/rf24_lib.c:187:6:rf24_read_data	40	static
../Core/Inc/rf24_lib.c:205:6:rf24_read_multi	40	static
../Core/Inc/rf24_lib.c:232:6:rf24_isDataReady	24	static
../Core/Inc/rf24_lib.c:245:9:rf24_rx_bufSize	32	static
../Core/Inc/rf24_lib.c:262:6:rf24_switch_mode	24	static
../Core/Inc/rf24_lib.c:277:6:rf24_init	24	static
../Core/Inc/rf24_lib.c:320:6:rf24_factory_reset	32	static
../Core/Inc/rf24_lib.c:363:6:print_reg	16	static
../Core/Inc/rf24_lib.c:367:6:print_addr	32	static
