../Core/Inc/rf24_lib.c:12:20:csn_low	16	static
../Core/Inc/rf24_lib.c:15:20:csn_high	16	static
../Core/Inc/rf24_lib.c:20:20:ce_high	16	static
../Core/Inc/rf24_lib.c:24:20:ce_low	16	static
../Core/Inc/rf24_lib.c:33:6:rf24_command	32	static
../Core/Inc/rf24_lib.c:42:13:rf24_set_rx_addr	24	static
../Core/Inc/rf24_lib.c:70:20:rf24_set_tx_addr	16	static
../Core/Inc/rf24_lib.c:78:6:rf24_write_config	32	static
../Core/Inc/rf24_lib.c:91:6:rf24_write_multi_config	40	static
../Core/Inc/rf24_lib.c:114:6:rf24_write_data	48	static
../Core/Inc/rf24_lib.c:162:9:rf24_read_config	32	static
../Core/Inc/rf24_lib.c:186:6:rf24_read_data	40	static
../Core/Inc/rf24_lib.c:204:6:rf24_read_multi	40	static
../Core/Inc/rf24_lib.c:231:6:rf24_isDataReady	24	static
../Core/Inc/rf24_lib.c:244:9:rf24_rx_bufSize	32	static
../Core/Inc/rf24_lib.c:261:6:rf24_switch_mode	24	static
../Core/Inc/rf24_lib.c:276:6:rf24_init	24	static
../Core/Inc/rf24_lib.c:325:6:rf24_factory_reset	32	static
../Core/Inc/rf24_lib.c:368:6:print_reg	16	static
../Core/Inc/rf24_lib.c:372:6:print_addr	32	static
