23:04:02 **** Incremental Build of configuration Debug for project rf24-slave-stm ****
make -j16 all 
arm-none-eabi-size  rf24-slave-stm.elf 
   text	   data	    bss	    dec	    hex	filename
  15312	    104	   2104	  17520	   4470	rf24-slave-stm.elf
Finished building: default.size.stdout
 
23:05:50 **** Incremental Build of configuration Debug for project rf24-master-stm ****
make -j16 all 
arm-none-eabi-size  rf24-master-stm.elf 
   text	   data	    bss	    dec	    hex	filename
  15396	    104	   2104	  17604	   44c4	rf24-master-stm.elf
Finished building: default.size.stdout
 
